#! /usr/bin/vvp
:ivl_version "12.0 (stable)";
:ivl_delay_selection "TYPICAL";
:vpi_time_precision - 9;
:vpi_module "/usr/lib/x86_64-linux-gnu/ivl/system.vpi";
:vpi_module "/usr/lib/x86_64-linux-gnu/ivl/vhdl_sys.vpi";
:vpi_module "/usr/lib/x86_64-linux-gnu/ivl/vhdl_textio.vpi";
:vpi_module "/usr/lib/x86_64-linux-gnu/ivl/v2005_math.vpi";
:vpi_module "/usr/lib/x86_64-linux-gnu/ivl/va_math.vpi";
S_0x62c0b22f74c0 .scope module, "nor_tb" "nor_tb" 2 4;
 .timescale -9 -9;
v0x62c0b2341e00_0 .var "A", 0 0;
v0x62c0b2341ed0_0 .var "B", 0 0;
v0x62c0b2341fa0_0 .net "X", 0 0, L_0x62c0b23421e0;  1 drivers
S_0x62c0b22f7650 .scope module, "uut" "nor_test" 2 9, 3 4 0, S_0x62c0b22f74c0;
 .timescale -9 -9;
    .port_info 0 /INPUT 1 "A";
    .port_info 1 /INPUT 1 "B";
    .port_info 2 /OUTPUT 1 "X";
L_0x62c0b23420a0 .functor OR 1, v0x62c0b2341e00_0, v0x62c0b2341ed0_0, C4<0>, C4<0>;
v0x62c0b23302e0_0 .net "A", 0 0, v0x62c0b2341e00_0;  1 drivers
v0x62c0b2341b60_0 .net "B", 0 0, v0x62c0b2341ed0_0;  1 drivers
v0x62c0b2341c20_0 .net "X", 0 0, L_0x62c0b23421e0;  alias, 1 drivers
v0x62c0b2341cc0_0 .net *"_ivl_1", 0 0, L_0x62c0b23420a0;  1 drivers
L_0x62c0b23421e0 .reduce/nor L_0x62c0b23420a0;
    .scope S_0x62c0b22f74c0;
T_0 ;
    %vpi_call 2 13 "$dumpfile", "nor_tb.vcd" {0 0 0};
    %vpi_call 2 14 "$dumpvars", 32'sb00000000000000000000000000000000, S_0x62c0b22f74c0 {0 0 0};
    %pushi/vec4 0, 0, 1;
    %store/vec4 v0x62c0b2341e00_0, 0, 1;
    %pushi/vec4 0, 0, 1;
    %store/vec4 v0x62c0b2341ed0_0, 0, 1;
    %delay 10, 0;
    %pushi/vec4 0, 0, 1;
    %store/vec4 v0x62c0b2341e00_0, 0, 1;
    %pushi/vec4 1, 0, 1;
    %store/vec4 v0x62c0b2341ed0_0, 0, 1;
    %delay 10, 0;
    %pushi/vec4 1, 0, 1;
    %store/vec4 v0x62c0b2341e00_0, 0, 1;
    %pushi/vec4 0, 0, 1;
    %store/vec4 v0x62c0b2341ed0_0, 0, 1;
    %delay 10, 0;
    %pushi/vec4 1, 0, 1;
    %store/vec4 v0x62c0b2341e00_0, 0, 1;
    %pushi/vec4 1, 0, 1;
    %store/vec4 v0x62c0b2341ed0_0, 0, 1;
    %delay 10, 0;
    %vpi_call 2 32 "$display", "Testing nor" {0 0 0};
    %end;
    .thread T_0;
# The file index is used to find the file name in the following table.
:file_names 4;
    "N/A";
    "<interactive>";
    "nor_tb.v";
    "./nor_test.v";
