#! /usr/bin/vvp
:ivl_version "12.0 (stable)";
:ivl_delay_selection "TYPICAL";
:vpi_time_precision - 9;
:vpi_module "/usr/lib/x86_64-linux-gnu/ivl/system.vpi";
:vpi_module "/usr/lib/x86_64-linux-gnu/ivl/vhdl_sys.vpi";
:vpi_module "/usr/lib/x86_64-linux-gnu/ivl/vhdl_textio.vpi";
:vpi_module "/usr/lib/x86_64-linux-gnu/ivl/v2005_math.vpi";
:vpi_module "/usr/lib/x86_64-linux-gnu/ivl/va_math.vpi";
S_0x5eab68d044c0 .scope module, "not_tb" "not_tb" 2 4;
 .timescale -9 -9;
v0x5eab68d4ccd0_0 .var "A", 0 0;
v0x5eab68d4cd70_0 .net "X", 0 0, L_0x5eab68d4ce40;  1 drivers
S_0x5eab68d04650 .scope module, "uut" "not_test" 2 9, 3 1 0, S_0x5eab68d044c0;
 .timescale -9 -9;
    .port_info 0 /INPUT 1 "A";
    .port_info 1 /OUTPUT 1 "X";
v0x5eab68d04830_0 .net "A", 0 0, v0x5eab68d4ccd0_0;  1 drivers
v0x5eab68d4cbb0_0 .net "X", 0 0, L_0x5eab68d4ce40;  alias, 1 drivers
L_0x5eab68d4ce40 .reduce/nor v0x5eab68d4ccd0_0;
    .scope S_0x5eab68d044c0;
T_0 ;
    %vpi_call 2 13 "$dumpfile", "not_tb.vcd" {0 0 0};
    %vpi_call 2 14 "$dumpvars", 32'sb00000000000000000000000000000000, S_0x5eab68d044c0 {0 0 0};
    %pushi/vec4 0, 0, 1;
    %store/vec4 v0x5eab68d4ccd0_0, 0, 1;
    %delay 20, 0;
    %pushi/vec4 1, 0, 1;
    %store/vec4 v0x5eab68d4ccd0_0, 0, 1;
    %delay 20, 0;
    %vpi_call 2 22 "$display", "Testing not" {0 0 0};
    %end;
    .thread T_0;
# The file index is used to find the file name in the following table.
:file_names 4;
    "N/A";
    "<interactive>";
    "not_tb.v";
    "./not_test.v";
